---
source: ella-parser/src/parser/stmt.rs
expression: "stmt(\"fn foo(a, b, c) {}\")"
---
FnDeclaration {
    meta: DeclarationMeta {
        is_captured_in_closure: Some(
            false,
        ),
    },
    ident: "foo",
    params: [
        "a",
        "b",
        "c",
    ],
    body: [],
}
