---
source: ella-parser/src/parser/stmt.rs
expression: "stmt(\"let x = 1 + 2;\")"
---
LetDeclaration {
    meta: DeclarationMeta {
        is_captured_in_closure: Some(
            false,
        ),
    },
    ident: "x",
    initializer: Binary {
        lhs: NumberLit(
            1.0,
        ),
        op: Plus,
        rhs: NumberLit(
            2.0,
        ),
    },
}
